 hi!
just wanted to say: 
Houston, we got a problem! That's right! A freakin' problem! 
 