1
1>2
1>2
1>2>4>8>16>32>64>128>256>512>1024
1>2>4>8>16>32>64>128>256>512>1024
10>9>3>8>7>4>5>6>110>120>130>140>150>141
3>2>1
16>27>2>12>9>19>31>5>4>11>1>15>37>23>25>20>10>29>3>13>28>26>14>21>22>41>38>6>24>34>30>17>8>7>18>36>43>40>35>32>39>33>42
1>2>3>4>5>6>7>8>9>10>11>12>13>14>15>16>17>18>19>20>21>22>23>24>25>26>27>28>29>30>31>32>33
1>2>3>4>5>6>7>8>9>10>11>12>13>14>15>16>17>18>19>20
1>2>3>4>5>6>7>8>9>10>11>12>13>14>15>16>17>18>19>20
1>11>111>110>109>108>107>106>105>104>103>102>101>100
94>43>55>23>71>10>14>19>17>200>2001>2002>2003>2004>2005>-1>-2>-3>-4>-5>-6>-7>-8>-9>-10>-11>-12>-13>-14>-15>-16>-17>-18>-19>-20
94>43>55>23>71>10>14>19>17>200>2001>2002>2003>2004>2005>-1>-2>-3>-4>-5>-6>-7>-8>-9>-10>-11>-12>-13>-14>-15>-16>-17>-18>-19>-20
