This is a nominal test case.
Nothing to replace! Don't worry, be happy :)
