\\
*
hi!\t\t\tthis is another test
\\\\\\\\\\\\\\\\\\\\\\\\\\\\
backslash escapes are \tevil!

\t
\t

