
#include <stdio.h>




 
size_t size_t_unit() {
	
	size_t res = 0;
	unsigned char c = ~0;
	for (; c; res++, c >>= 1);
	return res;
}

void printbinary(int n) {
	int i;
	size_t bits = sizeof(int)*size_t_unit();
	unsigned int j = 1 << (bits-1);
	for (i = 0; i < bits; i++, j >>= 1) {
		printf("%d", (j&n ? 1 : 0));
	}
	printf("\\\n");
}

int main() {
	int c, d;
	c = d = 0;
	printbinary(~0);
	printf("\\/**/ and there was light\\\\");
	if (c == 0)
		printf("Should I say \"Houston, we got a problem?\"");
	else 
		d = d/ c;
	printf("/* Life runs on code */\n");
	return 0;
}
