Syntax error on line 4. Unbalanced close char: ]
Prematurely reached end of file - expected 1 closing braces
Prematurely reached end of file - expected 1 closing brackets
Prematurely reached end of file - expected 1 closing parentheses
